2026-08-19T01:11:14Z INFO pipeline running step=search demo=True
2026-08-19T01:11:14Z INFO pipeline running step=comments demo=True
2026-08-19T01:11:14Z INFO pipeline running step=normalize demo=True
2026-08-19T01:11:14Z INFO pipeline running step=relevance demo=True
2026-08-19T01:11:14Z INFO pipeline running step=coding demo=True
2026-08-19T01:11:55Z INFO pipeline running step=validation demo=True
2026-08-19T01:11:55Z INFO pipeline running step=descriptive demo=True
2026-08-19T01:13:08Z INFO pipeline running step=search demo=True
2026-08-19T01:13:08Z INFO pipeline running step=comments demo=True
2026-08-19T01:13:08Z INFO pipeline running step=normalize demo=True
2026-08-19T01:13:08Z INFO pipeline running step=relevance demo=True
2026-08-19T01:13:08Z INFO pipeline running step=coding demo=True
2026-08-19T01:13:08Z INFO pipeline running step=validation demo=True
2026-08-19T01:13:08Z INFO pipeline running step=descriptive demo=True
2026-08-19T01:13:09Z INFO pipeline running step=temporal demo=True
2026-08-19T01:13:09Z INFO pipeline running step=framing demo=True
2026-08-19T01:13:41Z INFO pipeline running step=search demo=True
2026-08-19T01:13:41Z INFO pipeline running step=comments demo=True
2026-08-19T01:13:41Z INFO pipeline running step=normalize demo=True
2026-08-19T01:13:41Z INFO pipeline running step=relevance demo=True
2026-08-19T01:13:41Z INFO pipeline running step=coding demo=True
2026-08-19T01:13:41Z INFO pipeline running step=validation demo=True
2026-08-19T01:13:41Z INFO pipeline running step=descriptive demo=True
2026-08-19T01:13:42Z INFO pipeline running step=temporal demo=True
2026-08-19T01:13:42Z INFO pipeline running step=framing demo=True
2026-08-19T01:13:42Z INFO pipeline running step=engagement demo=True
2026-08-19T01:15:00Z INFO pipeline running step=search demo=False
2026-08-19T01:15:00Z INFO pipeline running step=comments demo=False
2026-08-19T01:15:00Z INFO pipeline running step=normalize demo=False
2026-08-19T01:15:00Z INFO pipeline running step=relevance demo=False
2026-08-19T01:15:00Z INFO pipeline running step=coding demo=False
2026-08-19T01:15:00Z INFO pipeline running step=validation demo=False
2026-08-19T01:15:00Z INFO pipeline running step=descriptive demo=False
2026-08-19T01:15:01Z INFO pipeline running step=temporal demo=False
2026-08-19T01:15:01Z INFO pipeline running step=framing demo=False
2026-08-19T01:15:01Z INFO pipeline running step=engagement demo=False
2026-08-19T01:15:45Z INFO pipeline running step=search demo=True
2026-08-19T01:15:45Z INFO pipeline running step=comments demo=True
2026-08-19T01:15:45Z INFO pipeline running step=normalize demo=True
2026-08-19T01:15:45Z INFO pipeline running step=relevance demo=True
2026-08-19T01:15:45Z INFO pipeline running step=coding demo=True
2026-08-19T01:15:45Z INFO pipeline running step=validation demo=True
2026-08-19T01:15:45Z INFO pipeline running step=descriptive demo=True
2026-08-19T01:15:46Z INFO pipeline running step=temporal demo=True
2026-08-19T01:15:47Z INFO pipeline running step=framing demo=True
2026-08-19T01:15:47Z INFO pipeline running step=engagement demo=True
