2026-08-19T01:11:14Z INFO youtube_search starting search demo=True
2026-08-19T01:11:14Z INFO youtube_search wrote 18 demo videos
2026-08-19T01:13:08Z INFO youtube_search starting search demo=True
2026-08-19T01:13:08Z INFO youtube_search wrote 18 demo videos
2026-08-19T01:13:41Z INFO youtube_search starting search demo=True
2026-08-19T01:13:41Z INFO youtube_search wrote 18 demo videos
2026-08-19T01:15:00Z INFO youtube_search starting search demo=False
2026-08-19T01:15:00Z INFO youtube_search search output already exists; loading D:\MyProject\render\ytbTest\falepili-project\data\interim\videos_search_flat.jsonl
2026-08-19T01:15:45Z INFO youtube_search starting search demo=True
2026-08-19T01:15:45Z INFO youtube_search wrote 18 demo videos
2026-08-20T01:26:13Z INFO youtube_search starting search demo=True
2026-08-20T01:26:13Z INFO youtube_search wrote 144 demo videos
2026-08-20T01:33:41Z INFO youtube_search starting search demo=False
2026-08-20T01:33:41Z INFO youtube_search query keyword=Falepili Union window=2023-11
2026-08-20T01:39:13Z INFO youtube_search starting search demo=False
2026-08-20T01:39:13Z INFO youtube_search query keyword=Falepili Union window=2023-11
2026-08-20T01:39:18Z WARNING youtube_search request_failed attempt=1 wait=1.6 error=HTTPSConnectionPool(host='www.googleapis.com', port=443): Max retries exceeded with url: /youtube/v3/search?key=AIzaSyDkPo5QJoZe3SqeKuwFO0UlgeyReoWfIfI&part=snippet&type=video&q=Falepili+Union&regionCode=AU&relevanceLanguage=en&maxResults=50&publishedAfter=2023-11-09T00%3A00%3A00Z&publishedBefore=2023-11-30T23%3A59%3A59Z (Caused by ConnectTimeoutError(<urllib3.connection.HTTPSConnection object at 0x000002ABF911E910>, 'Connection to www.googleapis.com timed out. (connect timeout=30)'))
2026-08-20T01:43:12Z INFO youtube_search starting search demo=False
2026-08-20T01:43:12Z INFO youtube_search query keyword=Falepili Union window=2023-11
2026-08-20T01:43:14Z INFO youtube_search query keyword=Falepili Union window=2023-12
2026-08-20T01:43:14Z INFO youtube_search query keyword=Falepili Union window=2024-01
2026-08-20T01:43:16Z INFO youtube_search query keyword=Falepili Union window=2024-02
2026-08-20T01:43:17Z INFO youtube_search query keyword=Falepili Union window=2024-03
2026-08-20T01:43:19Z INFO youtube_search wrote 12 search records
2026-08-20T01:44:50Z WARNING youtube_search request_failed attempt=1 wait=1.6 error=HTTPSConnectionPool(host='www.googleapis.com', port=443): Max retries exceeded with url: /youtube/v3/search?key=AIzaSyDkPo5QJoZe3SqeKuwFO0UlgeyReoWfIfI&part=snippet&type=video&q=Falepili+Union&regionCode=AU&relevanceLanguage=en&maxResults=50&publishedAfter=2023-11-09T00%3A00%3A00Z&publishedBefore=2023-11-30T23%3A59%3A59Z (Caused by ConnectTimeoutError(<urllib3.connection.HTTPSConnection object at 0x00000174011DE290>, 'Connection to www.googleapis.com timed out. (connect timeout=30)'))
2026-08-20T01:44:56Z WARNING youtube_search request_failed attempt=2 wait=2.0 error=HTTPSConnectionPool(host='www.googleapis.com', port=443): Max retries exceeded with url: /youtube/v3/search?key=AIzaSyDkPo5QJoZe3SqeKuwFO0UlgeyReoWfIfI&part=snippet&type=video&q=Falepili+Union&regionCode=AU&relevanceLanguage=en&maxResults=50&publishedAfter=2023-11-09T00%3A00%3A00Z&publishedBefore=2023-11-30T23%3A59%3A59Z (Caused by ConnectTimeoutError(<urllib3.connection.HTTPSConnection object at 0x000002ABF9124050>, 'Connection to www.googleapis.com timed out. (connect timeout=30)'))
2026-08-20T01:50:29Z WARNING youtube_search request_failed attempt=2 wait=2.0 error=HTTPSConnectionPool(host='www.googleapis.com', port=443): Max retries exceeded with url: /youtube/v3/search?key=AIzaSyDkPo5QJoZe3SqeKuwFO0UlgeyReoWfIfI&part=snippet&type=video&q=Falepili+Union&regionCode=AU&relevanceLanguage=en&maxResults=50&publishedAfter=2023-11-09T00%3A00%3A00Z&publishedBefore=2023-11-30T23%3A59%3A59Z (Caused by ConnectTimeoutError(<urllib3.connection.HTTPSConnection object at 0x00000174011DFC90>, 'Connection to www.googleapis.com timed out. (connect timeout=30)'))
2026-08-20T01:50:35Z WARNING youtube_search request_failed attempt=3 wait=4.3 error=HTTPSConnectionPool(host='www.googleapis.com', port=443): Max retries exceeded with url: /youtube/v3/search?key=AIzaSyDkPo5QJoZe3SqeKuwFO0UlgeyReoWfIfI&part=snippet&type=video&q=Falepili+Union&regionCode=AU&relevanceLanguage=en&maxResults=50&publishedAfter=2023-11-09T00%3A00%3A00Z&publishedBefore=2023-11-30T23%3A59%3A59Z (Caused by ConnectTimeoutError(<urllib3.connection.HTTPSConnection object at 0x000002ABF9126050>, 'Connection to www.googleapis.com timed out. (connect timeout=30)'))
2026-08-20T01:56:07Z WARNING youtube_search request_failed attempt=3 wait=4.3 error=HTTPSConnectionPool(host='www.googleapis.com', port=443): Max retries exceeded with url: /youtube/v3/search?key=AIzaSyDkPo5QJoZe3SqeKuwFO0UlgeyReoWfIfI&part=snippet&type=video&q=Falepili+Union&regionCode=AU&relevanceLanguage=en&maxResults=50&publishedAfter=2023-11-09T00%3A00%3A00Z&publishedBefore=2023-11-30T23%3A59%3A59Z (Caused by ConnectTimeoutError(<urllib3.connection.HTTPSConnection object at 0x00000174011E5E10>, 'Connection to www.googleapis.com timed out. (connect timeout=30)'))
2026-08-20T01:56:16Z WARNING youtube_search request_failed attempt=4 wait=8.2 error=HTTPSConnectionPool(host='www.googleapis.com', port=443): Max retries exceeded with url: /youtube/v3/search?key=AIzaSyDkPo5QJoZe3SqeKuwFO0UlgeyReoWfIfI&part=snippet&type=video&q=Falepili+Union&regionCode=AU&relevanceLanguage=en&maxResults=50&publishedAfter=2023-11-09T00%3A00%3A00Z&publishedBefore=2023-11-30T23%3A59%3A59Z (Caused by ConnectTimeoutError(<urllib3.connection.HTTPSConnection object at 0x000002ABF9115190>, 'Connection to www.googleapis.com timed out. (connect timeout=30)'))
2026-08-20T02:01:48Z WARNING youtube_search request_failed attempt=4 wait=8.2 error=HTTPSConnectionPool(host='www.googleapis.com', port=443): Max retries exceeded with url: /youtube/v3/search?key=AIzaSyDkPo5QJoZe3SqeKuwFO0UlgeyReoWfIfI&part=snippet&type=video&q=Falepili+Union&regionCode=AU&relevanceLanguage=en&maxResults=50&publishedAfter=2023-11-09T00%3A00%3A00Z&publishedBefore=2023-11-30T23%3A59%3A59Z (Caused by ConnectTimeoutError(<urllib3.connection.HTTPSConnection object at 0x00000174011D4F50>, 'Connection to www.googleapis.com timed out. (connect timeout=30)'))
2026-08-20T02:02:01Z WARNING youtube_search request_failed attempt=5 wait=16.7 error=HTTPSConnectionPool(host='www.googleapis.com', port=443): Max retries exceeded with url: /youtube/v3/search?key=AIzaSyDkPo5QJoZe3SqeKuwFO0UlgeyReoWfIfI&part=snippet&type=video&q=Falepili+Union&regionCode=AU&relevanceLanguage=en&maxResults=50&publishedAfter=2023-11-09T00%3A00%3A00Z&publishedBefore=2023-11-30T23%3A59%3A59Z (Caused by ConnectTimeoutError(<urllib3.connection.HTTPSConnection object at 0x000002ABF9116ED0>, 'Connection to www.googleapis.com timed out. (connect timeout=30)'))
2026-08-20T02:07:33Z WARNING youtube_search request_failed attempt=5 wait=16.7 error=HTTPSConnectionPool(host='www.googleapis.com', port=443): Max retries exceeded with url: /youtube/v3/search?key=AIzaSyDkPo5QJoZe3SqeKuwFO0UlgeyReoWfIfI&part=snippet&type=video&q=Falepili+Union&regionCode=AU&relevanceLanguage=en&maxResults=50&publishedAfter=2023-11-09T00%3A00%3A00Z&publishedBefore=2023-11-30T23%3A59%3A59Z (Caused by ConnectTimeoutError(<urllib3.connection.HTTPSConnection object at 0x00000174011D6C90>, 'Connection to www.googleapis.com timed out. (connect timeout=30)'))
2026-08-20T02:07:54Z WARNING youtube_search request_failed attempt=6 wait=32.7 error=HTTPSConnectionPool(host='www.googleapis.com', port=443): Max retries exceeded with url: /youtube/v3/search?key=AIzaSyDkPo5QJoZe3SqeKuwFO0UlgeyReoWfIfI&part=snippet&type=video&q=Falepili+Union&regionCode=AU&relevanceLanguage=en&maxResults=50&publishedAfter=2023-11-09T00%3A00%3A00Z&publishedBefore=2023-11-30T23%3A59%3A59Z (Caused by ConnectTimeoutError(<urllib3.connection.HTTPSConnection object at 0x000002ABF9126F10>, 'Connection to www.googleapis.com timed out. (connect timeout=30)'))
2026-08-20T02:13:27Z WARNING youtube_search request_failed attempt=6 wait=32.7 error=HTTPSConnectionPool(host='www.googleapis.com', port=443): Max retries exceeded with url: /youtube/v3/search?key=AIzaSyDkPo5QJoZe3SqeKuwFO0UlgeyReoWfIfI&part=snippet&type=video&q=Falepili+Union&regionCode=AU&relevanceLanguage=en&maxResults=50&publishedAfter=2023-11-09T00%3A00%3A00Z&publishedBefore=2023-11-30T23%3A59%3A59Z (Caused by ConnectTimeoutError(<urllib3.connection.HTTPSConnection object at 0x00000174011E63D0>, 'Connection to www.googleapis.com timed out. (connect timeout=30)'))
